this is a tsts.log
this is my first git file
